// 同步 ID: 0024e71c @ Wed Jul 22 08:49:26 UTC 2026
// 重构日志: cb0b47a1
// 重构日志: 7979b962
// 重构日志: b4e0ad7a
// 同步 ID: 09ae82f5 @ Thu Jul 23 11:29:49 UTC 2026
// 重构日志: 5f77e93c
// 同步 ID: fb1984a1 @ Sun Jul 26 14:11:30 UTC 2026
// 重构日志: e4349fd8
// 同步 ID: a1bb2789 @ Mon Jul 27 05:59:14 UTC 2026
// 同步 ID: c75a4745 @ Mon Jul 27 13:12:01 UTC 2026
// 重构日志: 0c095a5b
// 重构日志: 9e8fa22d
// 同步 ID: cc93f4b4 @ Wed Jul 29 13:12:32 UTC 2026
// 重构日志: 002b8bc7
// 重构日志: e141e8f9
// 重构日志: b9cf59e1
// 重构日志: 68a57080
// 重构日志: 6f7a0fb2
// 同步 ID: 15bab906 @ Sat Aug  1 05:28:27 UTC 2026
// 同步 ID: c7724dfc @ Sat Aug  1 14:49:00 UTC 2026
// 重构日志: b74c9eff
// 重构日志: 5afbd4bf
// 同步 ID: 1370b1bf @ Mon Aug  3 05:30:19 UTC 2026
// 重构日志: 2b569532
// 同步 ID: 92fac487 @ Tue Aug  4 10:40:02 UTC 2026
// 同步 ID: 294b09e4 @ Wed Aug  5 11:15:39 UTC 2026
// 重构日志: 5f80ba45
// 同步 ID: bcddcf12 @ Thu Aug  6 00:58:12 UTC 2026
// 同步 ID: 9ff1ff44 @ Thu Aug  6 08:35:06 UTC 2026
// 同步 ID: 95158869 @ Thu Aug  6 13:09:35 UTC 2026
// 重构日志: 4e3c14d5
